// Jest Snapshot v1, https://goo.gl/fbAQLP

exports[`AddToDoForm when component has rendered Should match snapshot 1`] = `
<form>
  <styled.input
    className="todo-input"
    name="todo"
  />
  <styled.button>
    Add
  </styled.button>
</form>
`;
